TK_IDENT("x")
TK_EQ("=")
TK_INTLIT("2")
TK_EOL("")
TK_IDENT("y")
TK_EQ("=")
TK_INTLIT("4")
TK_EOL("")
TK_IDENT("z")
TK_EQ("=")
TK_LPAREN("(")
TK_LPAREN("(")
TK_INTLIT("100")
TK_MULT("*")
TK_INTLIT("2")
TK_RPAREN(")")
TK_DIV("/")
TK_INTLIT("4")
TK_RPAREN(")")
TK_PLUS("+")
TK_INTLIT("1")
TK_EOL("")
TK_IDENT("printstr")
TK_LPAREN("(")
TK_STRLIT("z = ")
TK_RPAREN(")")
TK_EOL("")
TK_IDENT("printdec")
TK_LPAREN("(")
TK_IDENT("z")
TK_RPAREN(")")
TK_EOL("")
TK_IDENT("println")
TK_LPAREN("(")
TK_RPAREN(")")
TK_EOL("")
TK_EOT("")
